// Jest Snapshot v1, https://goo.gl/fbAQLP

exports[`Login Component Test matches the snapshot 1`] = `
<div
  className="Connect(Login)-loginContainer-0-1-4"
>
  <div
    className="Connect(Login)-formContainer-0-1-2"
  >
    <h2
      className="Connect(Login)-loginTitle-0-1-5"
    >
       Login 
    </h2>
    <input
      className="Connect(Login)-formInput-0-1-3"
      name="username"
      onChange={[Function]}
      placeholder="Username"
      type="text"
    />
    <input
      className="Connect(Login)-formInput-0-1-3"
      name="password"
      onChange={[Function]}
      placeholder="Password"
      type="password"
    />
  </div>
  <button
    className="Connect(Login)-submitButton-0-1-1"
    onClick={[Function]}
  >
     Submit 
  </button>
</div>
`;
